// Vitest Snapshot v1, https://vitest.dev/guide/snapshot.html

exports[`is displayed correctly 1`] = `"<div><!----><!----><div><div class="toolbar toolbar-right"><button class="toolbar-icon" title="Create a new account"><!----><!----></button></div> <div class="form-heading">Accounts</div></div> <div class="scroller svelte-9lrgvc"><div class="accounts svelte-9lrgvc"><!----><div class="account-type svelte-9lrgvc">Assets</div><!----> <div class="card svelte-9lrgvc">Account 1<div class="edit-icon svelte-9lrgvc"><!----><!----></div></div><!----><!----> <div class="card svelte-9lrgvc">Account 2<div class="edit-icon svelte-9lrgvc"><!----><!----></div></div><!----><div class="account-type svelte-9lrgvc">Liabilities</div><!----> <div class="card svelte-9lrgvc">Account 3<div class="edit-icon svelte-9lrgvc"><!----><!----></div></div><!----><div class="account-type svelte-9lrgvc">Expenses</div><!----> <div class="card svelte-9lrgvc">Expense Account<div class="edit-icon svelte-9lrgvc"><!----><!----></div></div></div></div></div>"`;
