// Jest Snapshot v1, https://goo.gl/fbAQLP

exports[`is displayed correctly 1`] = `"<body><div><div class=\\"account-heading\\"><div class=\\"toolbar svelte-oda9oq\\"><div class=\\"toolbar-icon import-icon svelte-oda9oq\\" title=\\"Open file\\"></div> <div class=\\"toolbar-icon svelte-oda9oq\\" title=\\"Create a new account\\"></div></div></div>  <div class=\\"form-heading\\">Accounts</div> <div class=\\"scroller svelte-oda9oq\\"><div class=\\"accounts svelte-oda9oq\\"><div class=\\"account-type svelte-oda9oq\\">Assets</div> <div class=\\"card svelte-oda9oq\\">Account 1<div class=\\"edit-icon svelte-oda9oq\\"></div></div> <div class=\\"card svelte-oda9oq\\">Account 2<div class=\\"edit-icon svelte-oda9oq\\"></div></div><div class=\\"account-type svelte-oda9oq\\">Liabilities</div> <div class=\\"card svelte-oda9oq\\">Account 3<div class=\\"edit-icon svelte-oda9oq\\"></div></div></div></div></div></body>"`;
