// Vitest Snapshot v1, https://vitest.dev/guide/snapshot.html

exports[`is displayed correctly 1`] = `"<div><!----><!----><div class="message">To get started give your first set of accounts a name. For example, Personal Finances.<p></p></div><!----> <div class="form svelte-1ozwy1d"><div class="form-heading">New Books</div> <div class="form-row svelte-1ozwy1d"><div class="widget svelte-1ozwy1d"><label for="name">Name</label> <input id="name" class="description-input svelte-1ozwy1d"></div></div> <div class="form-button-row svelte-1ozwy1d"><div class="msg-panel svelte-1ozwy1d"><!----> <!----></div> <div class="widget buttons svelte-1ozwy1d"><!----> <button class="svelte-1ozwy1d">Add</button></div></div></div></div>"`;
