// Vitest Snapshot v1, https://vitest.dev/guide/snapshot.html

exports[`is displayed correctly 1`] = `"<div><!----><div class="message">To get started give your first set of accounts a name. For example, Personal Finances.<p></p></div><!----> <div class="form svelte-67fvue"><div class="form-heading">Edit Books</div> <div class="form-row svelte-67fvue"><div class="widget svelte-67fvue"><label for="name">Name</label> <input id="name" class="description-input svelte-67fvue"></div></div> <div class="form-button-row svelte-67fvue"><div class="msg-panel svelte-67fvue"><!----> <!----></div> <div class="widget buttons svelte-67fvue"><!----> <button class="svelte-67fvue">Add</button></div></div></div></div>"`;
