// Vitest Snapshot v1, https://vitest.dev/guide/snapshot.html

exports[`is displayed correctly 1`] = `"<div><!----><div class="message">To get started give your first set of accounts a name. For example, Personal Finances.<p></p></div><!----> <div class="form svelte-og0nno"><div class="form-heading">Edit Books</div> <div class="form-row svelte-og0nno"><div class="widget svelte-og0nno"><label for="name">Name</label> <input id="name" class="description-input svelte-og0nno"></div></div> <div class="form-button-row svelte-og0nno"><div class="msg-panel svelte-og0nno"><!----> <!----></div> <div class="widget buttons svelte-og0nno"><!----> <button class="svelte-og0nno">Add</button></div></div></div></div>"`;
