// Vitest Snapshot v1, https://vitest.dev/guide/snapshot.html

exports[`is displayed correctly 1`] = `"<div><!----><div class="message">To get started give your first set of accounts (books) a name. For example, Personal Finances.<p></p></div><!----> <div class="form"><div class="form-heading">Edit Books</div> <div class="toolbar toolbar-right"><button class="toolbar-icon" title="Close"><!----><!----></button></div> <div class="form-row"><div class="widget svelte-18f1r5u"><label for="name">Name</label> <input id="name" class="description-input svelte-18f1r5u"></div></div> <div class="form-button-row svelte-18f1r5u"><div class="msg-panel"><!----><!----></div> <div class="widget buttons svelte-18f1r5u"><!----> <button class="og-button svelte-18f1r5u">Add</button></div></div></div></div>"`;
