// Vitest Snapshot v1, https://vitest.dev/guide/snapshot.html

exports[`is displayed correctly 1`] = `"<div><div class="widget svelte-124sfg"><label for="itemSelect" class="svelte-124sfg">Label 1</label><!----> <select name="itemSelect" class="svelte-124sfg"><option value="">None</option><!----><!----><option value="[object Object]">Account 1</option><!----></select></div></div>"`;

exports[`is displayed correctly with no label and no none 1`] = `"<div><div class="widgetNoLabel svelte-124sfg"><!----> <select name="itemSelect" class="svelte-124sfg"><!----><!----><option value="[object Object]">Account 1</option><!----></select></div></div>"`;

exports[`shows in error 1`] = `"<div><div class="widget svelte-124sfg"><label for="itemSelect" class="svelte-124sfg">Label 1</label><!----> <select name="itemSelect" class="svelte-124sfg error"><option value="">None</option><!----><!----><option value="[object Object]">Account 1</option><!----></select></div></div>"`;
